// Jest Snapshot v1, https://goo.gl/fbAQLP

exports[`Autocomplete Autocomplete snapshot should render OK 1`] = `
<div>
  <div
    aria-expanded="false"
    aria-haspopup="listbox"
    aria-owns="react-autowhatever-1"
    class="container"
    role="combobox"
  >
    <div>
      <input
        aria-autocomplete="list"
        aria-controls="react-autowhatever-1"
        autocomplete="off"
        class="input"
        data-testid="input-text"
        type="text"
        value=""
      />
    </div>
    <div
      id="react-autowhatever-1"
      role="listbox"
    />
  </div>
</div>
`;
