// Jest Snapshot v1, https://goo.gl/fbAQLP

exports[`Form should match the snapshot 1`] = `
<form>
  <div
    class="formGroup"
  >
    <div
      aria-expanded="false"
      aria-haspopup="listbox"
      aria-owns="react-autowhatever-1"
      class="container"
      role="combobox"
    >
      <div>
        <input
          aria-autocomplete="list"
          aria-controls="react-autowhatever-1"
          autocomplete="off"
          class="input"
          data-testid="input-text"
          placeholder="Departure"
          type="text"
          value=""
        />
      </div>
      <div
        id="react-autowhatever-1"
        role="listbox"
      />
    </div>
  </div>
  <div
    class="formGroup"
  >
    <div>
      DateRangePicker
    </div>
  </div>
  <div
    class="formGroup"
  >
    <button
      class="button"
      disabled=""
    >
      Search
    </button>
  </div>
</form>
`;
