// Jest Snapshot v1, https://goo.gl/fbAQLP

exports[`Graph should match the snapshot 1`] = `
<div
  class="container"
>
  <ul
    class="actions"
  >
    <li>
      <svg
        fill="currentColor"
        height="1em"
        stroke="currentColor"
        stroke-width="0"
        viewBox="0 0 16 16"
        width="1em"
        xmlns="http://www.w3.org/2000/svg"
      >
        <path
          clip-rule="evenodd"
          d="M9.502 5.013a.144.144 0 00-.202.134V6.3a.5.5 0 01-.5.5c-.667 0-2.013.005-3.3.822-.984.624-1.99 1.76-2.595 3.876C3.925 10.515 5.09 9.982 6.11 9.7a8.741 8.741 0 011.921-.306 7.403 7.403 0 01.798.008h.013l.005.001h.001L8.8 9.9l.05-.498a.5.5 0 01.45.498v1.153c0 .108.11.176.202.134l3.984-2.933a.494.494 0 01.042-.028.147.147 0 000-.252.494.494 0 01-.042-.028L9.502 5.013zM8.3 10.386a7.745 7.745 0 00-1.923.277c-1.326.368-2.896 1.201-3.94 3.08a.5.5 0 01-.933-.305c.464-3.71 1.886-5.662 3.46-6.66 1.245-.79 2.527-.942 3.336-.971v-.66a1.144 1.144 0 011.767-.96l3.994 2.94a1.147 1.147 0 010 1.946l-3.994 2.94a1.144 1.144 0 01-1.767-.96v-.667z"
          fill-rule="evenodd"
        />
      </svg>
    </li>
    <li>
      <svg
        fill="currentColor"
        height="1em"
        stroke="currentColor"
        stroke-width="0"
        viewBox="0 0 512 512"
        width="1em"
        xmlns="http://www.w3.org/2000/svg"
      >
        <path
          d="M216 0h80c13.3 0 24 10.7 24 24v168h87.7c17.8 0 26.7 21.5 14.1 34.1L269.7 378.3c-7.5 7.5-19.8 7.5-27.3 0L90.1 226.1c-12.6-12.6-3.7-34.1 14.1-34.1H192V24c0-13.3 10.7-24 24-24zm296 376v112c0 13.3-10.7 24-24 24H24c-13.3 0-24-10.7-24-24V376c0-13.3 10.7-24 24-24h146.7l49 49c20.1 20.1 52.5 20.1 72.6 0l49-49H488c13.3 0 24 10.7 24 24zm-124 88c0-11-9-20-20-20s-20 9-20 20 9 20 20 20 20-9 20-20zm64 0c0-11-9-20-20-20s-20 9-20 20 9 20 20 20 20-9 20-20z"
        />
      </svg>
    </li>
    <li>
      <svg
        fill="currentColor"
        height="1em"
        stroke="currentColor"
        stroke-width="0"
        viewBox="0 0 384 512"
        width="1em"
        xmlns="http://www.w3.org/2000/svg"
      >
        <path
          d="M336 0H48C21.49 0 0 21.49 0 48v464l192-112 192 112V48c0-26.51-21.49-48-48-48zm0 428.43l-144-84-144 84V54a6 6 0 0 1 6-6h276c3.314 0 6 2.683 6 5.996V428.43z"
        />
      </svg>
    </li>
  </ul>
  <canvas>
    Graph
  </canvas>
</div>
`;
